---
source: src/tokenize/keywords.rs
expression: "&keys"
---
[
    [
        '乃',
        '行',
        '是',
        '術',
        '曰',
    ],
    [
        '中',
        '無',
        '陰',
        '乎',
    ],
    [
        '中',
        '有',
        '陽',
        '乎',
    ],
    [
        '吾',
        '有',
        '一',
        '術',
    ],
    [
        '欲',
        '行',
        '是',
        '術',
    ],
    [
        '名',
        '之',
        '曰',
    ],
    [
        '不',
        '等',
        '於',
    ],
    [
        '不',
        '大',
        '於',
    ],
    [
        '不',
        '小',
        '於',
    ],
    [
        '恆',
        '為',
        '是',
    ],
    [
        '必',
        '先',
        '得',
    ],
    [
        '是',
        '術',
        '曰',
    ],
    [
        '之',
        '術',
        '也',
    ],
    [
        '吾',
        '有',
    ],
    [
        '今',
        '有',
    ],
    [
        '書',
        '之',
    ],
    [
        '等',
        '於',
    ],
    [
        '大',
        '於',
    ],
    [
        '小',
        '於',
    ],
    [
        '昔',
        '之',
    ],
    [
        '是',
        '矣',
    ],
    [
        '若',
        '非',
    ],
    [
        '云',
        '云',
    ],
    [
        '為',
        '是',
    ],
    [
        '乃',
        '止',
    ],
    [
        '是',
        '謂',
    ],
    [
        '有',
    ],
    [
        '數',
    ],
    [
        '言',
    ],
    [
        '爻',
    ],
    [
        '曰',
    ],
    [
        '陰',
    ],
    [
        '陽',
    ],
    [
        '加',
    ],
    [
        '減',
    ],
    [
        '乘',
    ],
    [
        '於',
    ],
    [
        '以',
    ],
    [
        '今',
    ],
    [
        '者',
    ],
    [
        '其',
    ],
    [
        '若',
    ],
    [
        '也',
    ],
    [
        '變',
    ],
    [
        '夫',
    ],
    [
        '遍',
    ],
    [
        '負',
    ],
    [
        '又',
    ],
    [
        '零',
    ],
    [
        '〇',
    ],
    [
        '一',
    ],
    [
        '二',
    ],
    [
        '三',
    ],
    [
        '四',
    ],
    [
        '五',
    ],
    [
        '六',
    ],
    [
        '七',
    ],
    [
        '八',
    ],
    [
        '九',
    ],
    [
        '十',
    ],
    [
        '百',
    ],
    [
        '千',
    ],
    [
        '萬',
    ],
    [
        '億',
    ],
    [
        '兆',
    ],
    [
        '京',
    ],
    [
        '垓',
    ],
    [
        '秭',
    ],
    [
        '穰',
    ],
    [
        '溝',
    ],
    [
        '澗',
    ],
    [
        '正',
    ],
    [
        '載',
    ],
    [
        '極',
    ],
    [
        '分',
    ],
    [
        '釐',
    ],
    [
        '毫',
    ],
    [
        '絲',
    ],
    [
        '忽',
    ],
    [
        '微',
    ],
    [
        '纖',
    ],
    [
        '沙',
    ],
    [
        '塵',
    ],
    [
        '埃',
    ],
    [
        '渺',
    ],
    [
        '漠',
    ],
]
